// Jest Snapshot v1, https://goo.gl/fbAQLP

exports[`renders to snapshot 1`] = `
<p
  className="MuiTypography-root-1 MuiTypography-body1-10"
  style={
    Object {
      "color": "black",
      "maxWidth": "550px",
      "textAlign": "center",
    }
  }
>
  Reskilled in web and mobile development from a ERP software implementation career, I'm looking for remote-based short to mid term contracts. Rates negotiable.
</p>
`;
