// Jest Snapshot v1, https://goo.gl/fbAQLP

exports[`renders to snapshot 1`] = `
<div>
  <div
    className="MuiAvatar-root-1"
    style={
      Object {
        "border": "1px solid black",
        "height": 70,
        "width": 70,
      }
    }
  >
    <img
      alt="juddey"
      className="MuiAvatar-img-3"
      sizes={undefined}
      src="avatar.jpg"
      srcSet={undefined}
    />
  </div>
</div>
`;
