// Jest Snapshot v1, https://goo.gl/fbAQLP

exports[`renders to snapshot 1`] = `
<div>
  <div
    className="Skills-container-1"
  >
    <div
      className="MuiGrid-item-5 MuiGrid-grid-xs-3-33 MuiGrid-grid-md-2-58"
    >
      <p
        className="MuiTypography-root-95 MuiTypography-body1-104"
      >
        React Native
      </p>
    </div>
    <div
      className="MuiGrid-item-5 MuiGrid-grid-xs-9-39 MuiGrid-grid-md-10-66"
    >
      <div
        aria-valuenow={85}
        className="MuiLinearProgress-root-119 MuiLinearProgress-colorPrimary-120 Skills-colorPrimary-2"
        role="progressbar"
      >
        <div
          className="MuiLinearProgress-bar-127 MuiLinearProgress-barColorPrimary-128 Skills-barColorPrimary-3 MuiLinearProgress-bar1Determinate-132"
          style={
            Object {
              "transform": "scaleX(0.85)",
            }
          }
        />
      </div>
    </div>
  </div>
  <div
    className="Skills-container-1"
  >
    <div
      className="MuiGrid-item-5 MuiGrid-grid-xs-3-33 MuiGrid-grid-md-2-58"
    >
      <p
        className="MuiTypography-root-95 MuiTypography-body1-104"
      >
        React
      </p>
    </div>
    <div
      className="MuiGrid-item-5 MuiGrid-grid-xs-9-39 MuiGrid-grid-md-10-66"
    >
      <div
        aria-valuenow={70}
        className="MuiLinearProgress-root-119 MuiLinearProgress-colorPrimary-120 Skills-colorPrimary-2"
        role="progressbar"
      >
        <div
          className="MuiLinearProgress-bar-127 MuiLinearProgress-barColorPrimary-128 Skills-barColorPrimary-3 MuiLinearProgress-bar1Determinate-132"
          style={
            Object {
              "transform": "scaleX(0.7)",
            }
          }
        />
      </div>
    </div>
  </div>
  <div
    className="Skills-container-1"
  >
    <div
      className="MuiGrid-item-5 MuiGrid-grid-xs-3-33 MuiGrid-grid-md-2-58"
    >
      <p
        className="MuiTypography-root-95 MuiTypography-body1-104"
      >
        HTML
      </p>
    </div>
    <div
      className="MuiGrid-item-5 MuiGrid-grid-xs-9-39 MuiGrid-grid-md-10-66"
    >
      <div
        aria-valuenow={45}
        className="MuiLinearProgress-root-119 MuiLinearProgress-colorPrimary-120 Skills-colorPrimary-2"
        role="progressbar"
      >
        <div
          className="MuiLinearProgress-bar-127 MuiLinearProgress-barColorPrimary-128 Skills-barColorPrimary-3 MuiLinearProgress-bar1Determinate-132"
          style={
            Object {
              "transform": "scaleX(0.45)",
            }
          }
        />
      </div>
    </div>
  </div>
  <div
    className="Skills-container-1"
  >
    <div
      className="MuiGrid-item-5 MuiGrid-grid-xs-3-33 MuiGrid-grid-md-2-58"
    >
      <p
        className="MuiTypography-root-95 MuiTypography-body1-104"
      >
        JavaScript
      </p>
    </div>
    <div
      className="MuiGrid-item-5 MuiGrid-grid-xs-9-39 MuiGrid-grid-md-10-66"
    >
      <div
        aria-valuenow={65}
        className="MuiLinearProgress-root-119 MuiLinearProgress-colorPrimary-120 Skills-colorPrimary-2"
        role="progressbar"
      >
        <div
          className="MuiLinearProgress-bar-127 MuiLinearProgress-barColorPrimary-128 Skills-barColorPrimary-3 MuiLinearProgress-bar1Determinate-132"
          style={
            Object {
              "transform": "scaleX(0.65)",
            }
          }
        />
      </div>
    </div>
  </div>
  <div
    className="Skills-container-1"
  >
    <div
      className="MuiGrid-item-5 MuiGrid-grid-xs-3-33 MuiGrid-grid-md-2-58"
    >
      <p
        className="MuiTypography-root-95 MuiTypography-body1-104"
      >
        Ruby
      </p>
    </div>
    <div
      className="MuiGrid-item-5 MuiGrid-grid-xs-9-39 MuiGrid-grid-md-10-66"
    >
      <div
        aria-valuenow={80}
        className="MuiLinearProgress-root-119 MuiLinearProgress-colorPrimary-120 Skills-colorPrimary-2"
        role="progressbar"
      >
        <div
          className="MuiLinearProgress-bar-127 MuiLinearProgress-barColorPrimary-128 Skills-barColorPrimary-3 MuiLinearProgress-bar1Determinate-132"
          style={
            Object {
              "transform": "scaleX(0.8)",
            }
          }
        />
      </div>
    </div>
  </div>
  <div
    className="Skills-container-1"
  >
    <div
      className="MuiGrid-item-5 MuiGrid-grid-xs-3-33 MuiGrid-grid-md-2-58"
    >
      <p
        className="MuiTypography-root-95 MuiTypography-body1-104"
      >
        Elixir
      </p>
    </div>
    <div
      className="MuiGrid-item-5 MuiGrid-grid-xs-9-39 MuiGrid-grid-md-10-66"
    >
      <div
        aria-valuenow={70}
        className="MuiLinearProgress-root-119 MuiLinearProgress-colorPrimary-120 Skills-colorPrimary-2"
        role="progressbar"
      >
        <div
          className="MuiLinearProgress-bar-127 MuiLinearProgress-barColorPrimary-128 Skills-barColorPrimary-3 MuiLinearProgress-bar1Determinate-132"
          style={
            Object {
              "transform": "scaleX(0.7)",
            }
          }
        />
      </div>
    </div>
  </div>
</div>
`;
